// Jest Snapshot v1, https://goo.gl/fbAQLP

exports[`index.test.js parseTime should accept a time and return a moment time 1`] = `"2018-02-14T15:30:00-06:00"`;
